[assembly: System.Runtime.CompilerServices.InternalsVisibleTo("ServiceBus.CompressionPlugin.Tests")]
namespace Microsoft.Azure.ServiceBus
{
    public class CompressionConfiguration
    {
        public CompressionConfiguration(string compressionMethodName, System.Func<byte[], byte[]> compressor, int minimumSize, System.Collections.Generic.Dictionary<string, System.Func<byte[], byte[]>> decompressors) { }
        public CompressionConfiguration(string compressionMethodName, System.Func<byte[], byte[]> compressor, int minimumSize, System.Func<byte[], byte[]> decompressor) { }
        public void AddDecompressor(string compressionMethodName, System.Func<byte[], byte[]> decompressor) { }
    }
    public static class CompressionPluginExtensions
    {
        public static Microsoft.Azure.ServiceBus.Core.ServiceBusPlugin RegisterCompressionPlugin(this Microsoft.Azure.ServiceBus.ClientEntity client, Microsoft.Azure.ServiceBus.CompressionConfiguration compressionConfiguration) { }
        public static Microsoft.Azure.ServiceBus.Core.ServiceBusPlugin RegisterCompressionPlugin(this Microsoft.Azure.ServiceBus.ClientEntity client, int minimumSizeToApplyCompression = 1500) { }
    }
}